---
source: owl-parser/src/parser/expr.rs
expression: "expr(\"true\")"

---
Expr {
    kind: BoolLit(
        true,
    ),
    span: 0..4,
}
